// Jest Snapshot v1, https://goo.gl/fbAQLP

exports[`ShadowStyleScreen ShadowStyleScreenを描写 1`] = `
<RNCSafeAreaProvider
  onInsetsChange={[Function]}
  style={
    Array [
      Object {
        "flex": 1,
      },
      undefined,
    ]
  }
>
  <RNCSafeAreaProvider
    onInsetsChange={[Function]}
    style={
      Array [
        Object {
          "flex": 1,
        },
        undefined,
      ]
    }
  >
    <View
      style={
        Object {
          "backgroundColor": "#f9f9f9",
          "flex": 1,
        }
      }
    >
      <RCTScrollView
        contentContainerStyle={
          Object {
            "alignItems": "center",
            "flex": 1,
          }
        }
        style={
          Object {
            "flex": 1,
          }
        }
      >
        <View>
          <View
            style={
              Object {
                "marginVertical": 10,
                "padding": 10,
              }
            }
          >
            <Text
              style={
                Object {
                  "color": "#333",
                  "fontSize": 38,
                }
              }
            >
              React Native Shadow Simulator
            </Text>
          </View>
          <View
            style={
              Object {
                "flexDirection": "row",
                "flexWrap": "wrap",
                "justifyContent": "center",
              }
            }
          >
            <View
              style={
                Object {
                  "backgroundColor": "#ccc",
                  "margin": 10,
                  "padding": 10,
                }
              }
            >
              <Text
                style={
                  Object {
                    "color": "#333",
                    "fontSize": 26,
                    "paddingTop": 6,
                    "textAlign": "center",
                  }
                }
              >
                Property selecter
              </Text>
              <View>
                <Text
                  style={
                    Object {
                      "color": "#333",
                      "fontSize": 22,
                      "marginTop": 16,
                      "paddingVertical": 6,
                    }
                  }
                >
                  ios
                </Text>
                <View
                  style={
                    Object {
                      "backgroundColor": "#fffffe",
                      "borderRadius": 4,
                      "margin": 4,
                      "padding": 14,
                    }
                  }
                >
                  <Text>
                    shadowColor
                  </Text>
                  <TextInput
                    allowFontScaling={true}
                    onChangeText={[Function]}
                    placeholder="#333"
                    rejectResponderTermination={true}
                    style={
                      Object {
                        "backgroundColor": "#fffffe",
                        "borderColor": "#ccc",
                        "borderRadius": 4,
                        "borderWidth": 2,
                        "marginTop": 4,
                        "padding": 4,
                      }
                    }
                    underlineColorAndroid="transparent"
                    value="#333"
                  />
                </View>
                <View>
                  <View
                    style={
                      Object {
                        "backgroundColor": "#fffffe",
                        "borderRadius": 4,
                        "margin": 4,
                        "padding": 14,
                      }
                    }
                  >
                    <Text
                      style={
                        Object {
                          "color": "#333",
                          "fontSize": 16,
                          "marginBottom": 4,
                          "marginTop": 2,
                        }
                      }
                    >
                      shadowOffset-width
                      <Text
                        style={
                          Object {
                            "color": "#666",
                            "flex": 1,
                            "fontSize": 16,
                            "marginLeft": 6,
                          }
                        }
                      >
                        { width: 8, height: 8 }
                      </Text>
                    </Text>
                    <View
                      aria-label="Slider"
                      colorScheme="blue"
                      dataSet={Object {}}
                      maxValue={50}
                      minValue={-50}
                      onChange={[Function]}
                      sliderSize={5}
                      step={1}
                      style={
                        Object {
                          "alignItems": "center",
                          "justifyContent": "center",
                          "width": "100%",
                        }
                      }
                      thumbSize={5}
                      value={
                        Array [
                          8,
                        ]
                      }
                    >
                      <View
                        accessible={true}
                        collapsable={false}
                        dataSet={Object {}}
                        focusable={true}
                        onBlur={[Function]}
                        onClick={[Function]}
                        onFocus={[Function]}
                        onHoverIn={[Function]}
                        onHoverOut={[Function]}
                        onLayout={[Function]}
                        onResponderGrant={[Function]}
                        onResponderMove={[Function]}
                        onResponderRelease={[Function]}
                        onResponderTerminate={[Function]}
                        onResponderTerminationRequest={[Function]}
                        onStartShouldSetResponder={[Function]}
                        style={
                          Object {
                            "alignItems": "center",
                            "height": 20,
                            "justifyContent": "center",
                            "paddingBottom": 12,
                            "paddingTop": 12,
                            "width": "100%",
                          }
                        }
                      >
                        <View
                          colorScheme="blue"
                          dataSet={Object {}}
                          style={
                            Array [
                              Object {
                                "backgroundColor": "#dbeafe",
                                "borderRadius": 8,
                                "height": 20,
                                "overflow": "hidden",
                                "width": 20,
                              },
                              Object {
                                "height": 5,
                                "width": "100%",
                              },
                            ]
                          }
                        >
                          <View
                            colorScheme="blue"
                            dataSet={Object {}}
                            style={
                              Array [
                                Object {
                                  "backgroundColor": "#2563eb",
                                  "height": 20,
                                  "left": 0,
                                  "position": "absolute",
                                  "width": 20,
                                },
                                Array [
                                  undefined,
                                  Object {
                                    "height": 5,
                                    "width": "57.99999999999999%",
                                  },
                                ],
                              ]
                            }
                          />
                        </View>
                      </View>
                      <View
                        colorScheme="blue"
                        dataSet={Object {}}
                        onMoveShouldSetResponder={[Function]}
                        onMoveShouldSetResponderCapture={[Function]}
                        onResponderEnd={[Function]}
                        onResponderGrant={[Function]}
                        onResponderMove={[Function]}
                        onResponderReject={[Function]}
                        onResponderRelease={[Function]}
                        onResponderStart={[Function]}
                        onResponderTerminate={[Function]}
                        onResponderTerminationRequest={[Function]}
                        onStartShouldSetResponder={[Function]}
                        onStartShouldSetResponderCapture={[Function]}
                        scaleOnPressed={1.2}
                        style={
                          Array [
                            Object {
                              "alignItems": "center",
                              "backgroundColor": "#2563eb",
                              "borderRadius": 99999,
                              "height": 20,
                              "justifyContent": "center",
                              "position": "absolute",
                              "width": 20,
                              "zIndex": 999,
                            },
                            Array [
                              Object {
                                "bottom": undefined,
                                "left": "57.99999999999999%",
                                "transform": Array [
                                  Object {
                                    "translateX": -10,
                                  },
                                  Object {
                                    "scale": 1,
                                  },
                                ],
                              },
                              undefined,
                            ],
                          ]
                        }
                      />
                    </View>
                    <Text
                      style={
                        Object {
                          "color": "#333",
                          "fontSize": 16,
                          "marginBottom": 4,
                          "marginTop": 2,
                        }
                      }
                    >
                      shadowOffset-height
                    </Text>
                    <View
                      aria-label="Slider"
                      colorScheme="blue"
                      dataSet={Object {}}
                      maxValue={50}
                      minValue={-50}
                      onChange={[Function]}
                      sliderSize={5}
                      step={1}
                      style={
                        Object {
                          "alignItems": "center",
                          "justifyContent": "center",
                          "width": "100%",
                        }
                      }
                      thumbSize={5}
                      value={
                        Array [
                          8,
                        ]
                      }
                    >
                      <View
                        accessible={true}
                        collapsable={false}
                        dataSet={Object {}}
                        focusable={true}
                        onBlur={[Function]}
                        onClick={[Function]}
                        onFocus={[Function]}
                        onHoverIn={[Function]}
                        onHoverOut={[Function]}
                        onLayout={[Function]}
                        onResponderGrant={[Function]}
                        onResponderMove={[Function]}
                        onResponderRelease={[Function]}
                        onResponderTerminate={[Function]}
                        onResponderTerminationRequest={[Function]}
                        onStartShouldSetResponder={[Function]}
                        style={
                          Object {
                            "alignItems": "center",
                            "height": 20,
                            "justifyContent": "center",
                            "paddingBottom": 12,
                            "paddingTop": 12,
                            "width": "100%",
                          }
                        }
                      >
                        <View
                          colorScheme="blue"
                          dataSet={Object {}}
                          style={
                            Array [
                              Object {
                                "backgroundColor": "#dbeafe",
                                "borderRadius": 8,
                                "height": 20,
                                "overflow": "hidden",
                                "width": 20,
                              },
                              Object {
                                "height": 5,
                                "width": "100%",
                              },
                            ]
                          }
                        >
                          <View
                            colorScheme="blue"
                            dataSet={Object {}}
                            style={
                              Array [
                                Object {
                                  "backgroundColor": "#2563eb",
                                  "height": 20,
                                  "left": 0,
                                  "position": "absolute",
                                  "width": 20,
                                },
                                Array [
                                  undefined,
                                  Object {
                                    "height": 5,
                                    "width": "57.99999999999999%",
                                  },
                                ],
                              ]
                            }
                          />
                        </View>
                      </View>
                      <View
                        colorScheme="blue"
                        dataSet={Object {}}
                        onMoveShouldSetResponder={[Function]}
                        onMoveShouldSetResponderCapture={[Function]}
                        onResponderEnd={[Function]}
                        onResponderGrant={[Function]}
                        onResponderMove={[Function]}
                        onResponderReject={[Function]}
                        onResponderRelease={[Function]}
                        onResponderStart={[Function]}
                        onResponderTerminate={[Function]}
                        onResponderTerminationRequest={[Function]}
                        onStartShouldSetResponder={[Function]}
                        onStartShouldSetResponderCapture={[Function]}
                        scaleOnPressed={1.2}
                        style={
                          Array [
                            Object {
                              "alignItems": "center",
                              "backgroundColor": "#2563eb",
                              "borderRadius": 99999,
                              "height": 20,
                              "justifyContent": "center",
                              "position": "absolute",
                              "width": 20,
                              "zIndex": 999,
                            },
                            Array [
                              Object {
                                "bottom": undefined,
                                "left": "57.99999999999999%",
                                "transform": Array [
                                  Object {
                                    "translateX": -10,
                                  },
                                  Object {
                                    "scale": 1,
                                  },
                                ],
                              },
                              undefined,
                            ],
                          ]
                        }
                      />
                    </View>
                  </View>
                </View>
                <View>
                  <View
                    style={
                      Object {
                        "backgroundColor": "#fffffe",
                        "borderRadius": 4,
                        "margin": 4,
                        "padding": 14,
                      }
                    }
                  >
                    <Text
                      style={
                        Object {
                          "color": "#333",
                          "fontSize": 16,
                          "marginBottom": 4,
                          "marginTop": 2,
                        }
                      }
                    >
                      shadowOpacity
                      <Text
                        style={
                          Object {
                            "color": "#666",
                            "flex": 1,
                            "fontSize": 16,
                            "marginLeft": 6,
                          }
                        }
                      >
                        1
                      </Text>
                    </Text>
                    <View
                      aria-label="Slider"
                      colorScheme="blue"
                      dataSet={Object {}}
                      maxValue={1}
                      minValue={0}
                      onChange={[Function]}
                      sliderSize={5}
                      step={0.01}
                      style={
                        Object {
                          "alignItems": "center",
                          "justifyContent": "center",
                          "width": "100%",
                        }
                      }
                      thumbSize={5}
                      value={
                        Array [
                          1,
                        ]
                      }
                    >
                      <View
                        accessible={true}
                        collapsable={false}
                        dataSet={Object {}}
                        focusable={true}
                        onBlur={[Function]}
                        onClick={[Function]}
                        onFocus={[Function]}
                        onHoverIn={[Function]}
                        onHoverOut={[Function]}
                        onLayout={[Function]}
                        onResponderGrant={[Function]}
                        onResponderMove={[Function]}
                        onResponderRelease={[Function]}
                        onResponderTerminate={[Function]}
                        onResponderTerminationRequest={[Function]}
                        onStartShouldSetResponder={[Function]}
                        style={
                          Object {
                            "alignItems": "center",
                            "height": 20,
                            "justifyContent": "center",
                            "paddingBottom": 12,
                            "paddingTop": 12,
                            "width": "100%",
                          }
                        }
                      >
                        <View
                          colorScheme="blue"
                          dataSet={Object {}}
                          style={
                            Array [
                              Object {
                                "backgroundColor": "#dbeafe",
                                "borderRadius": 8,
                                "height": 20,
                                "overflow": "hidden",
                                "width": 20,
                              },
                              Object {
                                "height": 5,
                                "width": "100%",
                              },
                            ]
                          }
                        >
                          <View
                            colorScheme="blue"
                            dataSet={Object {}}
                            style={
                              Array [
                                Object {
                                  "backgroundColor": "#2563eb",
                                  "height": 20,
                                  "left": 0,
                                  "position": "absolute",
                                  "width": 20,
                                },
                                Array [
                                  undefined,
                                  Object {
                                    "height": 5,
                                    "width": "100%",
                                  },
                                ],
                              ]
                            }
                          />
                        </View>
                      </View>
                      <View
                        colorScheme="blue"
                        dataSet={Object {}}
                        onMoveShouldSetResponder={[Function]}
                        onMoveShouldSetResponderCapture={[Function]}
                        onResponderEnd={[Function]}
                        onResponderGrant={[Function]}
                        onResponderMove={[Function]}
                        onResponderReject={[Function]}
                        onResponderRelease={[Function]}
                        onResponderStart={[Function]}
                        onResponderTerminate={[Function]}
                        onResponderTerminationRequest={[Function]}
                        onStartShouldSetResponder={[Function]}
                        onStartShouldSetResponderCapture={[Function]}
                        scaleOnPressed={1.2}
                        style={
                          Array [
                            Object {
                              "alignItems": "center",
                              "backgroundColor": "#2563eb",
                              "borderRadius": 99999,
                              "height": 20,
                              "justifyContent": "center",
                              "position": "absolute",
                              "width": 20,
                              "zIndex": 999,
                            },
                            Array [
                              Object {
                                "bottom": undefined,
                                "left": "100%",
                                "transform": Array [
                                  Object {
                                    "translateX": -10,
                                  },
                                  Object {
                                    "scale": 1,
                                  },
                                ],
                              },
                              undefined,
                            ],
                          ]
                        }
                      />
                    </View>
                  </View>
                </View>
                <View>
                  <View
                    style={
                      Object {
                        "backgroundColor": "#fffffe",
                        "borderRadius": 4,
                        "margin": 4,
                        "padding": 14,
                      }
                    }
                  >
                    <Text
                      style={
                        Object {
                          "color": "#333",
                          "fontSize": 16,
                          "marginBottom": 4,
                          "marginTop": 2,
                        }
                      }
                    >
                      shadowRadius
                      <Text
                        style={
                          Object {
                            "color": "#666",
                            "flex": 1,
                            "fontSize": 16,
                            "marginLeft": 6,
                          }
                        }
                      >
                        0
                      </Text>
                    </Text>
                    <View
                      aria-label="Slider"
                      colorScheme="blue"
                      dataSet={Object {}}
                      maxValue={50}
                      minValue={0}
                      onChange={[Function]}
                      sliderSize={5}
                      step={1}
                      style={
                        Object {
                          "alignItems": "center",
                          "justifyContent": "center",
                          "width": "100%",
                        }
                      }
                      thumbSize={5}
                      value={
                        Array [
                          0,
                        ]
                      }
                    >
                      <View
                        accessible={true}
                        collapsable={false}
                        dataSet={Object {}}
                        focusable={true}
                        onBlur={[Function]}
                        onClick={[Function]}
                        onFocus={[Function]}
                        onHoverIn={[Function]}
                        onHoverOut={[Function]}
                        onLayout={[Function]}
                        onResponderGrant={[Function]}
                        onResponderMove={[Function]}
                        onResponderRelease={[Function]}
                        onResponderTerminate={[Function]}
                        onResponderTerminationRequest={[Function]}
                        onStartShouldSetResponder={[Function]}
                        style={
                          Object {
                            "alignItems": "center",
                            "height": 20,
                            "justifyContent": "center",
                            "paddingBottom": 12,
                            "paddingTop": 12,
                            "width": "100%",
                          }
                        }
                      >
                        <View
                          colorScheme="blue"
                          dataSet={Object {}}
                          style={
                            Array [
                              Object {
                                "backgroundColor": "#dbeafe",
                                "borderRadius": 8,
                                "height": 20,
                                "overflow": "hidden",
                                "width": 20,
                              },
                              Object {
                                "height": 5,
                                "width": "100%",
                              },
                            ]
                          }
                        >
                          <View
                            colorScheme="blue"
                            dataSet={Object {}}
                            style={
                              Array [
                                Object {
                                  "backgroundColor": "#2563eb",
                                  "height": 20,
                                  "left": 0,
                                  "position": "absolute",
                                  "width": 20,
                                },
                                Array [
                                  undefined,
                                  Object {
                                    "height": 5,
                                    "width": "0%",
                                  },
                                ],
                              ]
                            }
                          />
                        </View>
                      </View>
                      <View
                        colorScheme="blue"
                        dataSet={Object {}}
                        onMoveShouldSetResponder={[Function]}
                        onMoveShouldSetResponderCapture={[Function]}
                        onResponderEnd={[Function]}
                        onResponderGrant={[Function]}
                        onResponderMove={[Function]}
                        onResponderReject={[Function]}
                        onResponderRelease={[Function]}
                        onResponderStart={[Function]}
                        onResponderTerminate={[Function]}
                        onResponderTerminationRequest={[Function]}
                        onStartShouldSetResponder={[Function]}
                        onStartShouldSetResponderCapture={[Function]}
                        scaleOnPressed={1.2}
                        style={
                          Array [
                            Object {
                              "alignItems": "center",
                              "backgroundColor": "#2563eb",
                              "borderRadius": 99999,
                              "height": 20,
                              "justifyContent": "center",
                              "position": "absolute",
                              "width": 20,
                              "zIndex": 999,
                            },
                            Array [
                              Object {
                                "bottom": undefined,
                                "left": "0%",
                                "transform": Array [
                                  Object {
                                    "translateX": -10,
                                  },
                                  Object {
                                    "scale": 1,
                                  },
                                ],
                              },
                              undefined,
                            ],
                          ]
                        }
                      />
                    </View>
                  </View>
                </View>
              </View>
              <View>
                <Text
                  style={
                    Object {
                      "color": "#333",
                      "fontSize": 22,
                      "marginTop": 16,
                      "paddingVertical": 6,
                    }
                  }
                >
                  android
                </Text>
                <View
                  style={
                    Object {
                      "backgroundColor": "#fffffe",
                      "borderRadius": 4,
                      "margin": 4,
                      "padding": 14,
                    }
                  }
                >
                  <Text>
                    android の場合は elevation で指定します。
Webでは再現できなかったので表示していません。
                  </Text>
                </View>
              </View>
            </View>
            <View
              style={
                Object {
                  "backgroundColor": "#fffffe",
                  "borderColor": "#ccc",
                  "borderWidth": 2,
                  "margin": 10,
                  "paddingBottom": 100,
                  "paddingHorizontal": 100,
                  "paddingTop": 10,
                }
              }
            >
              <Text
                style={
                  Object {
                    "color": "#333",
                    "fontSize": 26,
                    "paddingTop": 6,
                    "textAlign": "center",
                  }
                }
              >
                preview
              </Text>
              <View>
                <Text
                  style={
                    Object {
                      "color": "#333",
                      "fontSize": 22,
                      "marginTop": 16,
                      "paddingVertical": 6,
                    }
                  }
                >
                  ios
                </Text>
                <View
                  style={
                    Array [
                      Object {
                        "alignSelf": "center",
                        "backgroundColor": "#ccc",
                        "padding": 40,
                      },
                      Object {
                        "shadowColor": "#333",
                        "shadowOffset": Object {
                          "height": 8,
                          "width": 8,
                        },
                        "shadowOpacity": 1,
                        "shadowRadius": 0,
                      },
                    ]
                  }
                >
                  <Text>
                    hello
                  </Text>
                </View>
              </View>
            </View>
          </View>
        </View>
      </RCTScrollView>
      <View
        style={
          Object {
            "backgroundColor": "#333",
            "width": "100%",
          }
        }
      >
        <TextInput
          allowFontScaling={true}
          editable={false}
          multiline={true}
          rejectResponderTermination={true}
          style={
            Object {
              "backgroundColor": "#666",
              "borderRadius": 4,
              "color": "#f9f9f9",
              "fontSize": 16,
              "height": 250,
              "marginHorizontal": 10,
              "marginTop": 10,
              "padding": 5,
              "textAlignVertical": "top",
            }
          }
          testID="console-text"
          underlineColorAndroid="transparent"
          value="  componentShadow: {
    shadowColor: \\"#333\\",
    shadowOffset: { width: 8, height: 8 },
    shadowOpacity: 1,
    shadowRadius: 0,
    elevation: 1,
  },"
        />
        <View
          accessible={true}
          focusable={true}
          onClick={[Function]}
          onResponderGrant={[Function]}
          onResponderMove={[Function]}
          onResponderRelease={[Function]}
          onResponderTerminate={[Function]}
          onResponderTerminationRequest={[Function]}
          onStartShouldSetResponder={[Function]}
          style={
            Object {
              "alignItems": "center",
              "opacity": 1,
              "padding": 10,
              "width": "100%",
            }
          }
        >
          <Text
            style={
              Object {
                "color": "#fffffe",
                "fontSize": 18,
                "paddingVertical": 5,
                "textAlign": "center",
              }
            }
          >
            close
          </Text>
        </View>
      </View>
    </View>
  </RNCSafeAreaProvider>
</RNCSafeAreaProvider>
`;
